Subject: Kopia has encountered an error during Some Operation on some-host

Operation: Some Operation Details
Started:   2020-01-02T03:04:05Z
Finished:  2020-01-02T03:04:06Z (1s)

error details

Generated at 2020-01-02T03:04:05Z by Kopia v0-unofficial.

https://kopia.io/