Subject: Kopia created 2 snapshots on some-host

Path: /some/other/path

  Status: fatal
  Start: Thu, 01 Jan 1970 00:00:00 +0000 Duration: 0s
  Size: 0 B, 0 files, 0 directories.
  Error: some top-level error

Path: /some/path

  Status: ok
  Start: Thu, 02 Jan 2020 03:04:05 +0000 Duration: 1.000000001s
  Size: 456 B, 123 files, 33 directories.

  Failed Entries:

  - /some/path: some error
  - /some/path2: some error

Generated at Thu, 02 Jan 2020 03:04:05 +0000 by Kopia v0-unofficial.

https://kopia.io/